// Jest Snapshot v1, https://goo.gl/fbAQLP

exports[`Nike component Nike component render 1`] = `ShallowWrapper {}`;
