// Jest Snapshot v1, https://goo.gl/fbAQLP

exports[`Origin component Origin component render 1`] = `ShallowWrapper {}`;
