// Jest Snapshot v1, https://goo.gl/fbAQLP

exports[`Logo component Logo component render 1`] = `ShallowWrapper {}`;
