// Jest Snapshot v1, https://goo.gl/fbAQLP

exports[`HomePage component HomePage component render 1`] = `ShallowWrapper {}`;
