// Jest Snapshot v1, https://goo.gl/fbAQLP

exports[`UserIcon component UserIcon component render 1`] = `ShallowWrapper {}`;
