// Jest Snapshot v1, https://goo.gl/fbAQLP

exports[`Filter component Filter component render 1`] = `ShallowWrapper {}`;
