// Jest Snapshot v1, https://goo.gl/fbAQLP

exports[`SearchInputButton component SearchInputButton component render 1`] = `ShallowWrapper {}`;
