// Jest Snapshot v1, https://goo.gl/fbAQLP

exports[`UserPanelModal component UserPanelModal component render 1`] = `ShallowWrapper {}`;
