// Jest Snapshot v1, https://goo.gl/fbAQLP

exports[`Footer component Footer component render 1`] = `ShallowWrapper {}`;
