// Jest Snapshot v1, https://goo.gl/fbAQLP

exports[`Page404 component Page404 component render 1`] = `ShallowWrapper {}`;
