// Jest Snapshot v1, https://goo.gl/fbAQLP

exports[`Cart component Cart component render 1`] = `ShallowWrapper {}`;
