// Jest Snapshot v1, https://goo.gl/fbAQLP

exports[`MainMenu component MainMenu component render 1`] = `ShallowWrapper {}`;
