// Jest Snapshot v1, https://goo.gl/fbAQLP

exports[`Hermes component Hermes component render 1`] = `ShallowWrapper {}`;
