// Jest Snapshot v1, https://goo.gl/fbAQLP

exports[`ReduxForm component ReduxForm component render 1`] = `ShallowWrapper {}`;
