// Jest Snapshot v1, https://goo.gl/fbAQLP

exports[`Edition component Edition component render 1`] = `ShallowWrapper {}`;
