// Jest Snapshot v1, https://goo.gl/fbAQLP

exports[`Auth component Auth component render 1`] = `ShallowWrapper {}`;
