// Jest Snapshot v1, https://goo.gl/fbAQLP

exports[`All component All component render 1`] = `ShallowWrapper {}`;
